// Vitest Snapshot v1, https://vitest.dev/guide/snapshot.html

exports[`existing tool output is byte-identical to origin/main > slack_conversations_history 1`] = `"{"messages":[{"ts":"1790000000.000100","user":"U0000000002","text":"root","thread_ts":"1790000000.000100","reply_count":1,"reactions":[{"name":"eyes","count":1,"users":["UME000001"]}]},{"ts":"1790000001.000100","user":"U0000000003","text":"plain"}],"has_more":false,"next_cursor":""}"`;

exports[`existing tool output is byte-identical to origin/main > slack_conversations_replies 1`] = `"{"messages":[{"ts":"1790000000.000100","user":"U0000000002","text":"root","thread_ts":"1790000000.000100","reply_count":1,"reactions":[{"name":"eyes","count":1,"users":["UME000001"]}]},{"ts":"1790100000.000100","user":"U0000000002","text":"reply","thread_ts":"1790000000.000100"}],"has_more":false,"next_cursor":""}"`;

exports[`existing tool output is byte-identical to origin/main > slack_conversations_search_messages (no new params) 1`] = `"{"total":2,"matches":[{"iid":"i1","channel":{"id":"C0000000001","name":"marketing","is_im":false,"is_mpim":false},"user":"U0000000002","username":"alice","ts":"1790100000.000100","text":"hello <@UME000001>","permalink":"https://acme.slack.com/archives/C0000000001/p1790100000000100?thread_ts=1790000000.000100","blocks":[{"type":"rich_text"}],"no_reactions":true},{"iid":"i2","channel":{"id":"C0000000001","name":"marketing"},"user":"U0000000003","username":"frank","ts":"1790090000.000100","text":"second","permalink":"https://acme.slack.com/archives/C0000000001/p1790090000000100"}],"paging":{"count":20,"total":2,"page":1,"pages":1}}"`;

exports[`existing tool output is byte-identical to origin/main > slack_conversations_unreads 1`] = `"{"unreads":[{"id":"D0000000001","name":"D0000000001","is_im":true,"unread_count":2}]}"`;

exports[`existing tool output is byte-identical to origin/main > slack_my_mentions 1`] = `"{"user_id":"UME000001","query":"<@UME000001> after:2026-09-21","total":2,"matches":[{"iid":"i1","channel":{"id":"C0000000001","name":"marketing","is_im":false,"is_mpim":false},"user":"U0000000002","username":"alice","ts":"1790100000.000100","text":"hello <@UME000001>","permalink":"https://acme.slack.com/archives/C0000000001/p1790100000000100?thread_ts=1790000000.000100","blocks":[{"type":"rich_text"}],"no_reactions":true},{"iid":"i2","channel":{"id":"C0000000001","name":"marketing"},"user":"U0000000003","username":"frank","ts":"1790090000.000100","text":"second","permalink":"https://acme.slack.com/archives/C0000000001/p1790090000000100"}],"paging":{"count":20,"total":2,"page":1,"pages":1}}"`;
